[INFO] Scanning for projects...
[INFO] 
[INFO] ------------------------< com.autocap:backend >-------------------------
[INFO] Building backend 0.0.1-SNAPSHOT
[INFO]   from pom.xml
[INFO] --------------------------------[ jar ]---------------------------------
[INFO] 
[INFO] --- resources:3.3.1:resources (default-resources) @ backend ---
[INFO] Copying 1 resource from src\main\resources to target\classes
[INFO] Copying 0 resource from src\main\resources to target\classes
[INFO] 
[INFO] --- compiler:3.14.1:compile (default-compile) @ backend ---
[INFO] Recompiling the module because of changed source code.
[INFO] Compiling 93 source files with javac [debug parameters release 21] to target\classes
[INFO] -------------------------------------------------------------
[WARNING] COMPILATION WARNING : 
[INFO] -------------------------------------------------------------
[WARNING] /C:/Files/Degree/Semester 4/AIML Project/AI Project/AutoCap-Application/backend/src/main/java/com/autocap/backend/entity/PasswordResetToken.java:[34,21] @Builder will ignore the initializing expression entirely. If you want the initializing expression to serve as default, add @Builder.Default. If it is not supposed to be settable during building, make the field final.
[WARNING] /C:/Files/Degree/Semester 4/AIML Project/AI Project/AutoCap-Application/backend/src/main/java/com/autocap/backend/entity/EmailVerificationToken.java:[34,21] @Builder will ignore the initializing expression entirely. If you want the initializing expression to serve as default, add @Builder.Default. If it is not supposed to be settable during building, make the field final.
[WARNING] /C:/Files/Degree/Semester 4/AIML Project/AI Project/AutoCap-Application/backend/src/main/java/com/autocap/backend/entity/User.java:[49,21] @Builder will ignore the initializing expression entirely. If you want the initializing expression to serve as default, add @Builder.Default. If it is not supposed to be settable during building, make the field final.
[WARNING] /C:/Files/Degree/Semester 4/AIML Project/AI Project/AutoCap-Application/backend/src/main/java/com/autocap/backend/entity/User.java:[52,21] @Builder will ignore the initializing expression entirely. If you want the initializing expression to serve as default, add @Builder.Default. If it is not supposed to be settable during building, make the field final.
[INFO] 4 warnings 
[INFO] -------------------------------------------------------------
[INFO] -------------------------------------------------------------
[ERROR] COMPILATION ERROR : 
[INFO] -------------------------------------------------------------
[ERROR] /C:/Files/Degree/Semester 4/AIML Project/AI Project/AutoCap-Application/backend/src/main/java/com/autocap/backend/service/CategoryService.java:[34,66] cannot find symbol
  symbol:   method existsByOrderIndex(java.lang.Integer)
  location: variable categoryRepository of type com.autocap.backend.repository.DocCategoryRepository
[ERROR] /C:/Files/Degree/Semester 4/AIML Project/AI Project/AutoCap-Application/backend/src/main/java/com/autocap/backend/service/CategoryService.java:[52,66] cannot find symbol
  symbol:   method existsByOrderIndexAndIdNot(java.lang.Integer,java.util.UUID)
  location: variable categoryRepository of type com.autocap.backend.repository.DocCategoryRepository
[INFO] 2 errors 
[INFO] -------------------------------------------------------------
[INFO] ------------------------------------------------------------------------
[INFO] BUILD FAILURE
[INFO] ------------------------------------------------------------------------
[INFO] Total time:  6.097 s
[INFO] Finished at: 2026-03-30T08:20:26+05:30
[INFO] ------------------------------------------------------------------------
[ERROR] Failed to execute goal org.apache.maven.plugins:maven-compiler-plugin:3.14.1:compile (default-compile) on project backend: Compilation failure: Compilation failure: 
[ERROR] /C:/Files/Degree/Semester 4/AIML Project/AI Project/AutoCap-Application/backend/src/main/java/com/autocap/backend/service/CategoryService.java:[34,66] cannot find symbol
[ERROR]   symbol:   method existsByOrderIndex(java.lang.Integer)
[ERROR]   location: variable categoryRepository of type com.autocap.backend.repository.DocCategoryRepository
[ERROR] /C:/Files/Degree/Semester 4/AIML Project/AI Project/AutoCap-Application/backend/src/main/java/com/autocap/backend/service/CategoryService.java:[52,66] cannot find symbol
[ERROR]   symbol:   method existsByOrderIndexAndIdNot(java.lang.Integer,java.util.UUID)
[ERROR]   location: variable categoryRepository of type com.autocap.backend.repository.DocCategoryRepository
[ERROR] -> [Help 1]
[ERROR] 
[ERROR] To see the full stack trace of the errors, re-run Maven with the -e switch.
[ERROR] Re-run Maven using the -X switch to enable full debug logging.
[ERROR] 
[ERROR] For more information about the errors and possible solutions, please read the following articles:
[ERROR] [Help 1] http://cwiki.apache.org/confluence/display/MAVEN/MojoFailureException
